
> admin-cole-clien@0.0.1 build
> vite build

[36mvite v7.2.6 [32mbuilding ssr environment for production...[36m[39m
transforming...
node.exe : 19:14:13 
[vite-plugin-svelte] s
rc/routes/admin/boleti
nes/+page.svelte:413:1
 Visible, 
non-interactive 
elements with a click 
event must be 
accompanied by a 
keyboard event 
handler. Consider 
whether an 
interactive element 
such as `<button 
type="button">` or 
`<a>` might be more 
appropriate
En línea: 1 Carácter: 
1
+ & "C:\Program Files\
nodejs/node.exe" 
"C:\Program 
Files\nodejs/node_mo 
...
+ ~~~~~~~~~~~~~~~~~~~~
~~~~~~~~~~~~~~~~~~~~~~
~~~~~~~~~~~~~~~~~~~~~~
~~~~~
    + CategoryInfo    
          : NotSpeci  
  fied: (19:14:13 [   
 vite-...ore appro    
priate:String) []    
, RemoteException
    + FullyQualifiedE 
   rrorId : NativeCo  
  mmandError
 
https://svelte.dev/e/a
11y_click_events_have_
key_events
411: 
412: {#if showModal}
413:   <div
            ^
414:     class="fixed 
inset-0 bg-black/60 
backdrop-blur-sm flex 
items-center 
justify-center z-50 
p-4 animate-fade-in"
415:     onclick={(e) 
=> e.target === 
e.currentTarget && 
(showModal = false)}
19:14:13 
[vite-plugin-svelte] s
rc/routes/admin/boleti
nes/+page.svelte:413:1
 `<div>` with a click 
handler must have an 
ARIA role
https://svelte.dev/e/a
11y_no_static_element_
interactions
411: 
412: {#if showModal}
413:   <div
            ^
414:     class="fixed 
inset-0 bg-black/60 
backdrop-blur-sm flex 
items-center 
justify-center z-50 
p-4 animate-fade-in"
415:     onclick={(e) 
=> e.target === 
e.currentTarget && 
(showModal = false)}
19:14:13 
[vite-plugin-svelte] s
rc/routes/admin/config
uracion/+page.svelte:5
5:5 Self-closing HTML 
tags for non-void 
elements are 
ambiguous ÔÇö use 
`<span ...></span>` 
rather than `<span 
... />`
https://svelte.dev/e/e
lement_invalid_self_cl
osing_tag
53:         >
54:           <span cl
ass="sr-only">Activar 
modo oscuro</span>
55:           <span
                ^
56:             
class="inline-block 
h-4 w-4 transform 
rounded-full bg-white 
transition 
duration-200 
ease-in-out 
{isDarkMode ? 
'translate-x-6' : 
'translate-x-1'}"
57:           />
19:14:13 
[vite-plugin-svelte] s
rc/routes/app/configur
acion/+page.svelte:162
:6 Self-closing HTML 
tags for non-void 
elements are 
ambiguous ÔÇö use 
`<span ...></span>` 
rather than `<span 
... />`
https://svelte.dev/e/e
lement_invalid_self_cl
osing_tag
160:           >
161:             
<span class="sr-only">
Activar modo 
oscuro</span>
162:             <span
                   ^
163:               
class="inline-block 
h-4 w-4 transform 
rounded-full bg-white 
transition 
duration-200 
ease-in-out 
{isDarkMode ? 
'translate-x-6' : 
'translate-x-1'}"
164:             />
[32mÔ£ô[39m 264 modules transformed.
rendering chunks...
[36mvite v7.2.6 [32mbuilding client environment for production...[36m[39m
transforming...
19:14:21 
[vite-plugin-svelte] s
rc/routes/admin/config
uracion/+page.svelte:5
5:5 Self-closing HTML 
tags for non-void 
elements are 
ambiguous ÔÇö use 
`<span ...></span>` 
rather than `<span 
... />`
https://svelte.dev/e/e
lement_invalid_self_cl
osing_tag
53:         >
54:           <span cl
ass="sr-only">Activar 
modo oscuro</span>
55:           <span
                ^
56:             
class="inline-block 
h-4 w-4 transform 
rounded-full bg-white 
transition 
duration-200 
ease-in-out 
{isDarkMode ? 
'translate-x-6' : 
'translate-x-1'}"
57:           />
19:14:21 
[vite-plugin-svelte] s
rc/routes/admin/boleti
nes/+page.svelte:413:1
 Visible, 
non-interactive 
elements with a click 
event must be 
accompanied by a 
keyboard event 
handler. Consider 
whether an 
interactive element 
such as `<button 
type="button">` or 
`<a>` might be more 
appropriate
https://svelte.dev/e/a
11y_click_events_have_
key_events
411: 
412: {#if showModal}
413:   <div
            ^
414:     class="fixed 
inset-0 bg-black/60 
backdrop-blur-sm flex 
items-center 
justify-center z-50 
p-4 animate-fade-in"
415:     onclick={(e) 
=> e.target === 
e.currentTarget && 
(showModal = false)}
19:14:21 
[vite-plugin-svelte] s
rc/routes/admin/boleti
nes/+page.svelte:413:1
 `<div>` with a click 
handler must have an 
ARIA role
https://svelte.dev/e/a
11y_no_static_element_
interactions
411: 
412: {#if showModal}
413:   <div
            ^
414:     class="fixed 
inset-0 bg-black/60 
backdrop-blur-sm flex 
items-center 
justify-center z-50 
p-4 animate-fade-in"
415:     onclick={(e) 
=> e.target === 
e.currentTarget && 
(showModal = false)}
19:14:21 
[vite-plugin-svelte] s
rc/routes/app/configur
acion/+page.svelte:162
:6 Self-closing HTML 
tags for non-void 
elements are 
ambiguous ÔÇö use 
`<span ...></span>` 
rather than `<span 
... />`
https://svelte.dev/e/e
lement_invalid_self_cl
osing_tag
160:           >
161:             
<span class="sr-only">
Activar modo 
oscuro</span>
162:             <span
                   ^
163:               
class="inline-block 
h-4 w-4 transform 
rounded-full bg-white 
transition 
duration-200 
ease-in-out 
{isDarkMode ? 
'translate-x-6' : 
'translate-x-1'}"
164:             />
[32mÔ£ô[39m 245 modules transformed.
rendering chunks...
computing gzip size...
[2m.svelte-kit/output/client/[22m[32m_app/version.json                                [39m[1m[2m 0.03 kB[22m[1m[22m[2m Ôöé gzip:  0.05 kB[22m
[2m.svelte-kit/output/client/[22m[32m.vite/manifest.json                              [39m[1m[2m21.05 kB[22m[1m[22m[2m Ôöé gzip:  2.34 kB[22m
[2m.svelte-kit/output/client/[22m[35m_app/immutable/assets/9.B9302sKW.css             [39m[1m[2m 0.20 kB[22m[1m[22m[2m Ôöé gzip:  0.15 kB[22m
[2m.svelte-kit/output/client/[22m[35m_app/immutable/assets/15.BnbbbLts.css            [39m[1m[2m 0.20 kB[22m[1m[22m[2m Ôöé gzip:  0.15 kB[22m
[2m.svelte-kit/output/client/[22m[35m_app/immutable/assets/19.BV3xOHPP.css            [39m[1m[2m 0.20 kB[22m[1m[22m[2m Ôöé gzip:  0.15 kB[22m
[2m.svelte-kit/output/client/[22m[35m_app/immutable/assets/7.D5KNO5Uu.css             [39m[1m[2m 0.20 kB[22m[1m[22m[2m Ôöé gzip:  0.15 kB[22m
[2m.svelte-kit/output/client/[22m[35m_app/immutable/assets/8.Do5_BxMK.css             [39m[1m[2m 0.20 kB[22m[1m[22m[2m Ôöé gzip:  0.15 kB[22m
[2m.svelte-kit/output/client/[22m[35m_app/immutable/assets/12.BK7AhDnX.css            [39m[1m[2m 0.20 kB[22m[1m[22m[2m Ôöé gzip:  0.15 kB[22m
[2m.svelte-kit/output/client/[22m[35m_app/immutable/assets/16.CnT3kUYV.css            [39m[1m[2m 0.20 kB[22m[1m[22m[2m Ôöé gzip:  0.15 kB[22m
[2m.svelte-kit/output/client/[22m[35m_app/immutable/assets/18._a2JbYxy.css            [39m[1m[2m 0.20 kB[22m[1m[22m[2m Ôöé gzip:  0.15 kB[22m
[2m.svelte-kit/output/client/[22m[35m_app/immutable/assets/CourseFilter.C-9YC96U.css  [39m[1m[2m 0.20 kB[22m[1m[22m[2m Ôöé gzip:  0.15 kB[22m
[2m.svelte-kit/output/client/[22m[35m_app/immutable/assets/14.C_LdJwaX.css            [39m[1m[2m 0.21 kB[22m[1m[22m[2m Ôöé gzip:  0.16 kB[22m
[2m.svelte-kit/output/client/[22m[35m_app/immutable/assets/4.DVdD4DSA.css             [39m[1m[2m 0.22 kB[22m[1m[22m[2m Ôöé gzip:  0.16 kB[22m
[2m.svelte-kit/output/client/[22m[35m_app/immutable/assets/Navbar.D30J4j9h.css        [39m[1m[2m 0.27 kB[22m[1m[22m[2m Ôöé gzip:  0.16 kB[22m
[2m.svelte-kit/output/client/[22m[35m_app/immutable/assets/13.BawCnYDh.css            [39m[1m[2m 0.35 kB[22m[1m[22m[2m Ôöé gzip:  0.17 kB[22m
[2m.svelte-kit/output/client/[22m[35m_app/immutable/assets/5.Bw_AxlxS.css             [39m[1m[2m 0.35 kB[22m[1m[22m[2m Ôöé gzip:  0.17 kB[22m
[2m.svelte-kit/output/client/[22m[35m_app/immutable/assets/10.Ssc3sR0P.css            [39m[1m[2m 0.40 kB[22m[1m[22m[2m Ôöé gzip:  0.18 kB[22m
[2m.svelte-kit/output/client/[22m[35m_app/immutable/assets/6.BbwPPtGo.css             [39m[1m[2m 0.51 kB[22m[1m[22m[2m Ôöé gzip:  0.21 kB[22m
[2m.svelte-kit/output/client/[22m[35m_app/immutable/assets/11.BCDMB1H3.css            [39m[1m[2m 0.54 kB[22m[1m[22m[2m Ôöé gzip:  0.22 kB[22m
[2m.svelte-kit/output/client/[22m[35m_app/immutable/assets/17.CkT4Pkpp.css            [39m[1m[2m 0.55 kB[22m[1m[22m[2m Ôöé gzip:  0.22 kB[22m
[2m.svelte-kit/output/client/[22m[35m_app/immutable/assets/0.DAwiY5KI.css             [39m[1m[2m99.33 kB[22m[1m[22m[2m Ôöé gzip: 14.53 kB[22m
[2m.svelte-kit/output/client/[22m[36m_app/immutable/chunks/BQUzvqpg.js                [39m[1m[2m 0.04 kB[22m[1m[22m[2m Ôöé gzip:  0.06 kB[22m
[2m.svelte-kit/output/client/[22m[36m_app/immutable/chunks/VlqIC5Ju.js                [39m[1m[2m 0.08 kB[22m[1m[22m[2m Ôöé gzip:  0.09 kB[22m
[2m.svelte-kit/output/client/[22m[36m_app/immutable/chunks/D4Caz1gY.js                [39m[1m[2m 0.11 kB[22m[1m[22m[2m Ôöé gzip:  0.11 kB[22m
[2m.svelte-kit/output/client/[22m[36m_app/immutable/entry/start.DNM3J5hY.js           [39m[1m[2m 0.12 kB[22m[1m[22m[2m Ôöé gzip:  0.11 kB[22m
[2m.svelte-kit/output/client/[22m[36m_app/immutable/chunks/C4dRTgzH.js                [39m[1m[2m 0.19 kB[22m[1m[22m[2m Ôöé gzip:  0.17 kB[22m
[2m.svelte-kit/output/client/[22m[36m_app/immutable/chunks/BIrRwzGN.js                [39m[1m[2m 0.23 kB[22m[1m[22m[2m Ôöé gzip:  0.16 kB[22m
[2m.svelte-kit/output/client/[22m[36m_app/immutable/chunks/D9tKlXEY.js                [39m[1m[2m 0.30 kB[22m[1m[22m[2m Ôöé gzip:  0.22 kB[22m
[2m.svelte-kit/output/client/[22m[36m_app/immutable/chunks/4mS8Fbfy.js                [39m[1m[2m 0.30 kB[22m[1m[22m[2m Ôöé gzip:  0.22 kB[22m
[2m.svelte-kit/output/client/[22m[36m_app/immutable/chunks/Ctkn1_lf.js                [39m[1m[2m 0.38 kB[22m[1m[22m[2m Ôöé gzip:  0.28 kB[22m
[2m.svelte-kit/output/client/[22m[36m_app/immutable/chunks/s4kE6YOP.js                [39m[1m[2m 0.52 kB[22m[1m[22m[2m Ôöé gzip:  0.33 kB[22m
[2m.svelte-kit/output/client/[22m[36m_app/immutable/nodes/1.Bgp7c-ir.js               [39m[1m[2m 0.62 kB[22m[1m[22m[2m Ôöé gzip:  0.37 kB[22m
[2m.svelte-kit/output/client/[22m[36m_app/immutable/chunks/CaXRRktc.js                [39m[1m[2m 0.63 kB[22m[1m[22m[2m Ôöé gzip:  0.39 kB[22m
[2m.svelte-kit/output/client/[22m[36m_app/immutable/chunks/Bu3KgriA.js                [39m[1m[2m 0.63 kB[22m[1m[22m[2m Ôöé gzip:  0.39 kB[22m
[2m.svelte-kit/output/client/[22m[36m_app/immutable/chunks/hZH-HGLG.js                [39m[1m[2m 0.74 kB[22m[1m[22m[2m Ôöé gzip:  0.42 kB[22m
[2m.svelte-kit/output/client/[22m[36m_app/immutable/chunks/XIfW5YRI.js                [39m[1m[2m 0.80 kB[22m[1m[22m[2m Ôöé gzip:  0.49 kB[22m
[2m.svelte-kit/output/client/[22m[36m_app/immutable/chunks/CUazdjfY.js                [39m[1m[2m 0.93 kB[22m[1m[22m[2m Ôöé gzip:  0.45 kB[22m
[2m.svelte-kit/output/client/[22m[36m_app/immutable/chunks/CG9i6iQE.js                [39m[1m[2m 0.93 kB[22m[1m[22m[2m Ôöé gzip:  0.55 kB[22m
[2m.svelte-kit/output/client/[22m[36m_app/immutable/chunks/Ag1ZDG42.js                [39m[1m[2m 1.01 kB[22m[1m[22m[2m Ôöé gzip:  0.59 kB[22m
[2m.svelte-kit/output/client/[22m[36m_app/immutable/chunks/DIgaGHDh.js                [39m[1m[2m 1.14 kB[22m[1m[22m[2m Ôöé gzip:  0.62 kB[22m
[2m.svelte-kit/output/client/[22m[36m_app/immutable/nodes/3.DMO1DRe4.js               [39m[1m[2m 1.23 kB[22m[1m[22m[2m Ôöé gzip:  0.67 kB[22m
[2m.svelte-kit/output/client/[22m[36m_app/immutable/chunks/DO9nauhu.js                [39m[1m[2m 1.23 kB[22m[1m[22m[2m Ôöé gzip:  0.58 kB[22m
[2m.svelte-kit/output/client/[22m[36m_app/immutable/chunks/BEGZMFmL.js                [39m[1m[2m 1.30 kB[22m[1m[22m[2m Ôöé gzip:  0.69 kB[22m
[2m.svelte-kit/output/client/[22m[36m_app/immutable/chunks/B03K58Z6.js                [39m[1m[2m 1.42 kB[22m[1m[22m[2m Ôöé gzip:  0.69 kB[22m
[2m.svelte-kit/output/client/[22m[36m_app/immutable/nodes/2.B7_5v0NM.js               [39m[1m[2m 1.42 kB[22m[1m[22m[2m Ôöé gzip:  0.78 kB[22m
[2m.svelte-kit/output/client/[22m[36m_app/immutable/chunks/1bp_4B0z.js                [39m[1m[2m 1.44 kB[22m[1m[22m[2m Ôöé gzip:  0.52 kB[22m
[2m.svelte-kit/output/client/[22m[36m_app/immutable/chunks/BUC91pHj.js                [39m[1m[2m 1.54 kB[22m[1m[22m[2m Ôöé gzip:  0.68 kB[22m
[2m.svelte-kit/output/client/[22m[36m_app/immutable/chunks/BzlkX2F7.js                [39m[1m[2m 1.54 kB[22m[1m[22m[2m Ôöé gzip:  0.63 kB[22m
[2m.svelte-kit/output/client/[22m[36m_app/immutable/chunks/rnDUGxjX.js                [39m[1m[2m 1.58 kB[22m[1m[22m[2m Ôöé gzip:  0.84 kB[22m
[2m.svelte-kit/output/client/[22m[36m_app/immutable/chunks/CEAh00Px.js                [39m[1m[2m 1.83 kB[22m[1m[22m[2m Ôöé gzip:  0.76 kB[22m
[2m.svelte-kit/output/client/[22m[36m_app/immutable/chunks/CLrATLJN.js                [39m[1m[2m 1.98 kB[22m[1m[22m[2m Ôöé gzip:  0.91 kB[22m
[2m.svelte-kit/output/client/[22m[36m_app/immutable/nodes/7.DI9dw8fw.js               [39m[1m[2m 2.36 kB[22m[1m[22m[2m Ôöé gzip:  1.12 kB[22m
[2m.svelte-kit/output/client/[22m[36m_app/immutable/nodes/0.CU3voHIy.js               [39m[1m[2m 2.81 kB[22m[1m[22m[2m Ôöé gzip:  1.24 kB[22m
[2m.svelte-kit/output/client/[22m[36m_app/immutable/nodes/5.Bx7pYmUy.js               [39m[1m[2m 2.90 kB[22m[1m[22m[2m Ôöé gzip:  1.34 kB[22m
[2m.svelte-kit/output/client/[22m[36m_app/immutable/nodes/18.BEkZ2GdS.js              [39m[1m[2m 3.12 kB[22m[1m[22m[2m Ôöé gzip:  1.46 kB[22m
[2m.svelte-kit/output/client/[22m[36m_app/immutable/chunks/rkwK4Yk5.js                [39m[1m[2m 3.59 kB[22m[1m[22m[2m Ôöé gzip:  1.75 kB[22m
[2m.svelte-kit/output/client/[22m[36m_app/immutable/chunks/49Lxjc12.js                [39m[1m[2m 3.70 kB[22m[1m[22m[2m Ôöé gzip:  1.86 kB[22m
[2m.svelte-kit/output/client/[22m[36m_app/immutable/chunks/CHx8ggj2.js                [39m[1m[2m 4.15 kB[22m[1m[22m[2m Ôöé gzip:  1.98 kB[22m
[2m.svelte-kit/output/client/[22m[36m_app/immutable/chunks/C8hO357a.js                [39m[1m[2m 4.49 kB[22m[1m[22m[2m Ôöé gzip:  1.69 kB[22m
[2m.svelte-kit/output/client/[22m[36m_app/immutable/nodes/21.DQtwLGDQ.js              [39m[1m[2m 4.86 kB[22m[1m[22m[2m Ôöé gzip:  1.95 kB[22m
[2m.svelte-kit/output/client/[22m[36m_app/immutable/nodes/4.DdpoLVuu.js               [39m[1m[2m 5.19 kB[22m[1m[22m[2m Ôöé gzip:  1.96 kB[22m
[2m.svelte-kit/output/client/[22m[36m_app/immutable/chunks/DRg6l_1L.js                [39m[1m[2m 5.33 kB[22m[1m[22m[2m Ôöé gzip:  1.90 kB[22m
[2m.svelte-kit/output/client/[22m[36m_app/immutable/nodes/15.D-PB8AaA.js              [39m[1m[2m 5.67 kB[22m[1m[22m[2m Ôöé gzip:  2.32 kB[22m
[2m.svelte-kit/output/client/[22m[36m_app/immutable/chunks/JqY61xFP.js                [39m[1m[2m 5.76 kB[22m[1m[22m[2m Ôöé gzip:  2.67 kB[22m
[2m.svelte-kit/output/client/[22m[36m_app/immutable/nodes/20.DvvDiCHZ.js              [39m[1m[2m 5.82 kB[22m[1m[22m[2m Ôöé gzip:  2.46 kB[22m
[2m.svelte-kit/output/client/[22m[36m_app/immutable/chunks/KxLcJiCL.js                [39m[1m[2m 5.85 kB[22m[1m[22m[2m Ôöé gzip:  2.65 kB[22m
[2m.svelte-kit/output/client/[22m[36m_app/immutable/chunks/UsNW7_2q.js                [39m[1m[2m 6.31 kB[22m[1m[22m[2m Ôöé gzip:  1.61 kB[22m
[2m.svelte-kit/output/client/[22m[36m_app/immutable/nodes/19.DYmEDDmk.js              [39m[1m[2m 7.25 kB[22m[1m[22m[2m Ôöé gzip:  2.90 kB[22m
[2m.svelte-kit/output/client/[22m[36m_app/immutable/nodes/13.CRtrsE_r.js              [39m[1m[2m 7.57 kB[22m[1m[22m[2m Ôöé gzip:  3.06 kB[22m
[2m.svelte-kit/output/client/[22m[36m_app/immutable/nodes/14.D5MqI7PG.js              [39m[1m[2m 8.72 kB[22m[1m[22m[2m Ôöé gzip:  3.40 kB[22m
[2m.svelte-kit/output/client/[22m[36m_app/immutable/entry/app.COet5Ht5.js             [39m[1m[2m10.79 kB[22m[1m[22m[2m Ôöé gzip:  4.01 kB[22m
[2m.svelte-kit/output/client/[22m[36m_app/immutable/chunks/C9nDLKKz.js                [39m[1m[2m17.35 kB[22m[1m[22m[2m Ôöé gzip:  6.41 kB[22m
[2m.svelte-kit/output/client/[22m[36m_app/immutable/nodes/16.wozXYB2v.js              [39m[1m[2m17.66 kB[22m[1m[22m[2m Ôöé gzip:  5.97 kB[22m
[2m.svelte-kit/output/client/[22m[36m_app/immutable/nodes/6.DauyuuOZ.js               [39m[1m[2m18.40 kB[22m[1m[22m[2m Ôöé gzip:  5.52 kB[22m
[2m.svelte-kit/output/client/[22m[36m_app/immutable/nodes/10.F6d7XGVx.js              [39m[1m[2m18.43 kB[22m[1m[22m[2m Ôöé gzip:  5.29 kB[22m
[2m.svelte-kit/output/client/[22m[36m_app/immutable/nodes/17.D6j9gavE.js              [39m[1m[2m18.96 kB[22m[1m[22m[2m Ôöé gzip:  5.04 kB[22m
[2m.svelte-kit/output/client/[22m[36m_app/immutable/chunks/CxYV4-nB.js                [39m[1m[2m20.50 kB[22m[1m[22m[2m Ôöé gzip:  8.20 kB[22m
[2m.svelte-kit/output/client/[22m[36m_app/immutable/chunks/B-CXh7Rl.js                [39m[1m[2m23.06 kB[22m[1m[22m[2m Ôöé gzip:  8.98 kB[22m
[2m.svelte-kit/output/client/[22m[36m_app/immutable/nodes/8.DAg2qWgT.js               [39m[1m[2m24.77 kB[22m[1m[22m[2m Ôöé gzip:  7.52 kB[22m
[2m.svelte-kit/output/client/[22m[36m_app/immutable/nodes/11.C8hpu46A.js              [39m[1m[2m25.76 kB[22m[1m[22m[2m Ôöé gzip:  7.15 kB[22m
[2m.svelte-kit/output/client/[22m[36m_app/immutable/nodes/9.PwgY4EWv.js               [39m[1m[2m35.46 kB[22m[1m[22m[2m Ôöé gzip:  9.82 kB[22m
[2m.svelte-kit/output/client/[22m[36m_app/immutable/nodes/12.CbAgRE5l.js              [39m[1m[2m37.44 kB[22m[1m[22m[2m Ôöé gzip: 10.75 kB[22m
[32mÔ£ô built in 5.15s[39m
[2m.svelte-kit/output/server/[22m[32m.vite/manifest.json                                [39m[1m[2m 13.22 kB[22m[1m[22m
[2m.svelte-kit/output/server/[22m[35m_app/immutable/assets/_page.B9302sKW.css           [39m[1m[2m  0.20 kB[22m[1m[22m
[2m.svelte-kit/output/server/[22m[35m_app/immutable/assets/_page.BnbbbLts.css           [39m[1m[2m  0.20 kB[22m[1m[22m
[2m.svelte-kit/output/server/[22m[35m_app/immutable/assets/_page.BV3xOHPP.css           [39m[1m[2m  0.20 kB[22m[1m[22m
[2m.svelte-kit/output/server/[22m[35m_app/immutable/assets/_page.D5KNO5Uu.css           [39m[1m[2m  0.20 kB[22m[1m[22m
[2m.svelte-kit/output/server/[22m[35m_app/immutable/assets/_page.Do5_BxMK.css           [39m[1m[2m  0.20 kB[22m[1m[22m
[2m.svelte-kit/output/server/[22m[35m_app/immutable/assets/_page.BK7AhDnX.css           [39m[1m[2m  0.20 kB[22m[1m[22m
[2m.svelte-kit/output/server/[22m[35m_app/immutable/assets/CourseFilter.C-9YC96U.css    [39m[1m[2m  0.20 kB[22m[1m[22m
[2m.svelte-kit/output/server/[22m[35m_app/immutable/assets/_page.CnT3kUYV.css           [39m[1m[2m  0.20 kB[22m[1m[22m
[2m.svelte-kit/output/server/[22m[35m_app/immutable/assets/_page._a2JbYxy.css           [39m[1m[2m  0.20 kB[22m[1m[22m
[2m.svelte-kit/output/server/[22m[35m_app/immutable/assets/_page.C_LdJwaX.css           [39m[1m[2m  0.21 kB[22m[1m[22m
[2m.svelte-kit/output/server/[22m[35m_app/immutable/assets/_page.DVdD4DSA.css           [39m[1m[2m  0.22 kB[22m[1m[22m
[2m.svelte-kit/output/server/[22m[35m_app/immutable/assets/Navbar.D30J4j9h.css          [39m[1m[2m  0.27 kB[22m[1m[22m
[2m.svelte-kit/output/server/[22m[35m_app/immutable/assets/_page.BawCnYDh.css           [39m[1m[2m  0.35 kB[22m[1m[22m
[2m.svelte-kit/output/server/[22m[35m_app/immutable/assets/_page.Bw_AxlxS.css           [39m[1m[2m  0.35 kB[22m[1m[22m
[2m.svelte-kit/output/server/[22m[35m_app/immutable/assets/_page.Ssc3sR0P.css           [39m[1m[2m  0.40 kB[22m[1m[22m
[2m.svelte-kit/output/server/[22m[35m_app/immutable/assets/_page.BbwPPtGo.css           [39m[1m[2m  0.51 kB[22m[1m[22m
[2m.svelte-kit/output/server/[22m[35m_app/immutable/assets/_page.BCDMB1H3.css           [39m[1m[2m  0.54 kB[22m[1m[22m
[2m.svelte-kit/output/server/[22m[35m_app/immutable/assets/_page.CkT4Pkpp.css           [39m[1m[2m  0.55 kB[22m[1m[22m
[2m.svelte-kit/output/server/[22m[35m_app/immutable/assets/_layout.CLxJ4F3k.css         [39m[1m[2m 99.24 kB[22m[1m[22m
[2m.svelte-kit/output/server/[22m[36mchunks/false.js                                    [39m[1m[2m  0.04 kB[22m[1m[22m
[2m.svelte-kit/output/server/[22m[36mchunks/keys.contant.js                             [39m[1m[2m  0.22 kB[22m[1m[22m
[2m.svelte-kit/output/server/[22m[36minternal.js                                        [39m[1m[2m  0.33 kB[22m[1m[22m
[2m.svelte-kit/output/server/[22m[36mchunks/equality.js                                 [39m[1m[2m  0.33 kB[22m[1m[22m
[2m.svelte-kit/output/server/[22m[36mchunks/state.svelte.js                             [39m[1m[2m  0.38 kB[22m[1m[22m
[2m.svelte-kit/output/server/[22m[36mchunks/escaping.js                                 [39m[1m[2m  0.53 kB[22m[1m[22m
[2m.svelte-kit/output/server/[22m[36mchunks/environment.js                              [39m[1m[2m  0.62 kB[22m[1m[22m
[2m.svelte-kit/output/server/[22m[36mchunks/client.js                                   [39m[1m[2m  0.64 kB[22m[1m[22m
[2m.svelte-kit/output/server/[22m[36mchunks/stores.js                                   [39m[1m[2m  0.69 kB[22m[1m[22m
[2m.svelte-kit/output/server/[22m[36mentries/fallbacks/error.svelte.js                  [39m[1m[2m  0.70 kB[22m[1m[22m
[2m.svelte-kit/output/server/[22m[36mentries/pages/app/pagos/_page.svelte.js            [39m[1m[2m  0.99 kB[22m[1m[22m
[2m.svelte-kit/output/server/[22m[36mchunks/utils2.js                                   [39m[1m[2m  1.11 kB[22m[1m[22m
[2m.svelte-kit/output/server/[22m[36mchunks/utils.js                                    [39m[1m[2m  1.15 kB[22m[1m[22m
[2m.svelte-kit/output/server/[22m[36mchunks/context.js                                  [39m[1m[2m  1.18 kB[22m[1m[22m
[2m.svelte-kit/output/server/[22m[36mchunks/index.js                                    [39m[1m[2m  1.46 kB[22m[1m[22m
[2m.svelte-kit/output/server/[22m[36mentries/pages/admin/configuracion/_page.svelte.js  [39m[1m[2m  1.60 kB[22m[1m[22m
[2m.svelte-kit/output/server/[22m[36mentries/pages/app/_layout.svelte.js                [39m[1m[2m  1.66 kB[22m[1m[22m
[2m.svelte-kit/output/server/[22m[36mentries/pages/app/reuniones/_page.svelte.js        [39m[1m[2m  1.79 kB[22m[1m[22m
[2m.svelte-kit/output/server/[22m[36mentries/pages/admin/_layout.svelte.js              [39m[1m[2m  1.82 kB[22m[1m[22m
[2m.svelte-kit/output/server/[22m[36mentries/pages/app/licencias/_page.svelte.js        [39m[1m[2m  2.23 kB[22m[1m[22m
[2m.svelte-kit/output/server/[22m[36mentries/pages/app/boletin-notas/_page.svelte.js    [39m[1m[2m  2.36 kB[22m[1m[22m
[2m.svelte-kit/output/server/[22m[36mentries/pages/_layout.svelte.js                    [39m[1m[2m  2.53 kB[22m[1m[22m
[2m.svelte-kit/output/server/[22m[36mentries/pages/admin/_page.svelte.js                [39m[1m[2m  3.25 kB[22m[1m[22m
[2m.svelte-kit/output/server/[22m[36mentries/pages/app/configuracion/_page.svelte.js    [39m[1m[2m  3.74 kB[22m[1m[22m
[2m.svelte-kit/output/server/[22m[36mentries/pages/auth/sign-in/_page.svelte.js         [39m[1m[2m  3.81 kB[22m[1m[22m
[2m.svelte-kit/output/server/[22m[36mentries/pages/auth/sign-up/_page.svelte.js         [39m[1m[2m  3.93 kB[22m[1m[22m
[2m.svelte-kit/output/server/[22m[36mchunks/attributes.js                               [39m[1m[2m  4.42 kB[22m[1m[22m
[2m.svelte-kit/output/server/[22m[36mentries/pages/app/_page.svelte.js                  [39m[1m[2m  5.10 kB[22m[1m[22m
[2m.svelte-kit/output/server/[22m[36mentries/pages/_page.svelte.js                      [39m[1m[2m  5.41 kB[22m[1m[22m
[2m.svelte-kit/output/server/[22m[36mchunks/exports.js                                  [39m[1m[2m  5.52 kB[22m[1m[22m
[2m.svelte-kit/output/server/[22m[36mchunks/CourseFilter.js                             [39m[1m[2m  5.54 kB[22m[1m[22m
[2m.svelte-kit/output/server/[22m[36mchunks/pagination.js                               [39m[1m[2m  6.13 kB[22m[1m[22m
[2m.svelte-kit/output/server/[22m[36mchunks/apiCole.config.js                           [39m[1m[2m  6.73 kB[22m[1m[22m
[2m.svelte-kit/output/server/[22m[36mentries/pages/app/padres/_page.svelte.js           [39m[1m[2m  9.01 kB[22m[1m[22m
[2m.svelte-kit/output/server/[22m[36mchunks/auth.js                                     [39m[1m[2m 11.06 kB[22m[1m[22m
[2m.svelte-kit/output/server/[22m[36mentries/pages/admin/pagos/_page.svelte.js          [39m[1m[2m 14.07 kB[22m[1m[22m
[2m.svelte-kit/output/server/[22m[36mentries/pages/admin/boletines/_page.svelte.js      [39m[1m[2m 14.40 kB[22m[1m[22m
[2m.svelte-kit/output/server/[22m[36mentries/pages/admin/users/_page.svelte.js          [39m[1m[2m 16.03 kB[22m[1m[22m
[2m.svelte-kit/output/server/[22m[36mentries/pages/admin/reuniones/_page.svelte.js      [39m[1m[2m 17.24 kB[22m[1m[22m
[2m.svelte-kit/output/server/[22m[36mchunks/shared.js                                   [39m[1m[2m 17.66 kB[22m[1m[22m
[2m.svelte-kit/output/server/[22m[36mentries/pages/admin/estudiantes/_page.svelte.js    [39m[1m[2m 18.16 kB[22m[1m[22m
[2m.svelte-kit/output/server/[22m[36mentries/pages/admin/licencias/_page.svelte.js      [39m[1m[2m 18.83 kB[22m[1m[22m
[2m.svelte-kit/output/server/[22m[36mremote-entry.js                                    [39m[1m[2m 18.86 kB[22m[1m[22m
[2m.svelte-kit/output/server/[22m[36mchunks/Navbar.js                                   [39m[1m[2m 23.97 kB[22m[1m[22m
[2m.svelte-kit/output/server/[22m[36mchunks/internal.js                                 [39m[1m[2m 29.04 kB[22m[1m[22m
[2m.svelte-kit/output/server/[22m[36mchunks/index2.js                                   [39m[1m[2m 72.82 kB[22m[1m[22m
[2m.svelte-kit/output/server/[22m[36mindex.js                                           [39m[1m[2m126.21 kB[22m[1m[22m
[32mÔ£ô built in 17.48s[39m

Run npm run preview to preview your production build locally.

> Using @sveltejs/adapter-vercel
[31merror during 
build:
Error: EPERM: 
operation not 
permitted, symlink 
'![-]\catchall.func' 
-> 'C:\datahub-project
s\certHub\admin-cole\a
dmin-cole\.vercel\outp
ut\functions\index.fun
c'
    at 
Object.symlinkSync 
(node:fs:1889:11)
    at adapt (file:///
C:/datahub-projects/ce
rtHub/admin-cole/admin
-cole/node_modules/@sv
eltejs/adapter-vercel/
index.js:451:9)
    at async adapt (fi
le:///C:/datahub-proje
cts/certHub/admin-cole
/admin-cole/node_modul
es/@sveltejs/kit/src/c
ore/adapt/index.js:41:
2)
    at async finalise 
(file:///C:/datahub-pr
ojects/certHub/admin-c
ole/admin-cole/node_mo
dules/@sveltejs/kit/sr
c/exports/vite/index.j
s:1326:7)
    at async 
Object.handler (file:/
//C:/datahub-projects/
certHub/admin-cole/adm
in-cole/node_modules/@
sveltejs/kit/src/expor
ts/vite/index.js:1357:
5)
    at async PluginDri
ver.hookParallel (file
:///C:/datahub-project
s/certHub/admin-cole/a
dmin-cole/node_modules
/rollup/dist/es/shared
/node-entry.js:22355:1
7)
    at async 
Object.close (file:///
C:/datahub-projects/ce
rtHub/admin-cole/admin
-cole/node_modules/rol
lup/dist/es/shared/nod
e-entry.js:23374:13)
    at async 
buildEnvironment (file
:///C:/datahub-project
s/certHub/admin-cole/a
dmin-cole/node_modules
/vite/dist/node/chunks
/config.js:33548:15)
    at async 
Object.build (file:///
C:/datahub-projects/ce
rtHub/admin-cole/admin
-cole/node_modules/vit
e/dist/node/chunks/con
fig.js:33893:19)
    at async 
Object.buildApp (file:
///C:/datahub-projects
/certHub/admin-cole/ad
min-cole/node_modules/
vite/dist/node/chunks/
config.js:33890:153)[
39m
